{
        'dob': dt.strptime("1982-10-22T23:59:00Z", pytoml.ISO8601)
    }
