{'largepos': 9223372036854775808, 'largeneg': -9223372036854775808}
